
============================================================
Boz Hukuk — Mersin İmar Taraması
Tarih: 27.03.2026 18:00
============================================================

[Büyükşehir] 31 ilan bulundu
[Yenişehir] 2 ilan bulundu
[Mezitli] 0 ilan bulundu
[Toroslar] 7 ilan bulundu
[Erdemli] 0 ilan bulundu
[Anamur] 2 ilan bulundu
[Mut] 0 ilan bulundu
[UYARI] https://www.resmigazete.gov.tr/eskiler/2026/03/20260327.htm çekilemedi: HTTPSConnectionPool(host='www.resmigazete.gov.tr', port=443): Read timed out. (read timeout=60)
[ÇSB Mersin] 1 duyuru bulundu

Toplam 43 ilan bulundu.
[OK] Mesaj gönderildi → yenisehir
[OK] Mesaj gönderildi → tarsus
[OK] Mesaj gönderildi → camliyayla
[OK] Mesaj gönderildi → silifke
[OK] Mesaj gönderildi → erdemli
[OK] Mesaj gönderildi → tarsus
[OK] Mesaj gönderildi → toroslar
[OK] Mesaj gönderildi → toroslar
[OK] Mesaj gönderildi → camliyayla
[OK] Mesaj gönderildi → toroslar
[OK] Mesaj gönderildi → toroslar
[OK] Mesaj gönderildi → mezitli
[OK] Mesaj gönderildi → toroslar
[OK] Mesaj gönderildi → toroslar
[OK] Mesaj gönderildi → toroslar
[OK] Mesaj gönderildi → toroslar
[OK] Mesaj gönderildi → toroslar
[OK] Mesaj gönderildi → toroslar
[OK] Mesaj gönderildi → toroslar
[OK] Mesaj gönderildi → yenisehir
[HATA] Telegram API: Too Many Requests: retry after 32
[HATA] Telegram API: Too Many Requests: retry after 31
[HATA] Telegram API: Too Many Requests: retry after 30
[HATA] Telegram API: Too Many Requests: retry after 30
[HATA] Telegram API: Too Many Requests: retry after 29
[HATA] Telegram API: Too Many Requests: retry after 28
[HATA] Telegram API: Too Many Requests: retry after 27
[HATA] Telegram API: Too Many Requests: retry after 26
[HATA] Telegram API: Too Many Requests: retry after 25
[HATA] Telegram API: Too Many Requests: retry after 25
[HATA] Telegram API: Too Many Requests: retry after 24

============================================================
Sonuç: 31 yeni imar, 0 yeni kamulaştırma gönderildi.
Toplam gönderilmiş: 32 ilan
============================================================


============================================================
Boz Hukuk — Mersin İmar Taraması
Tarih: 28.03.2026 09:00
============================================================

[Büyükşehir] 31 ilan bulundu
[Yenişehir] 2 ilan bulundu
[Mezitli] 0 ilan bulundu
[Toroslar] 7 ilan bulundu
[Erdemli] 0 ilan bulundu
[Anamur] 2 ilan bulundu
[Mut] 0 ilan bulundu
[UYARI] https://www.resmigazete.gov.tr/eskiler/2026/03/20260328.htm çekilemedi: HTTPSConnectionPool(host='www.resmigazete.gov.tr', port=443): Read timed out. (read timeout=60)
[ÇSB Mersin] 1 duyuru bulundu

Toplam 43 ilan bulundu.
[OK] Mesaj gönderildi → toroslar
[OK] Mesaj gönderildi → toroslar
[OK] Mesaj gönderildi → toroslar
[OK] Mesaj gönderildi → silifke
[OK] Mesaj gönderildi → yenisehir
[OK] Mesaj gönderildi → toroslar
[OK] Mesaj gönderildi → toroslar
[OK] Mesaj gönderildi → toroslar
[OK] Mesaj gönderildi → toroslar
[OK] Mesaj gönderildi → yenisehir
[OK] Mesaj gönderildi → toroslar

============================================================
Sonuç: 11 yeni imar, 0 yeni kamulaştırma gönderildi.
Toplam gönderilmiş: 43 ilan
============================================================


============================================================
Boz Hukuk — Mersin İmar Taraması
Tarih: 28.03.2026 18:00
============================================================

[Büyükşehir] 31 ilan bulundu
[Yenişehir] 2 ilan bulundu
[Mezitli] 0 ilan bulundu
[Toroslar] 7 ilan bulundu
[Erdemli] 0 ilan bulundu
[Anamur] 2 ilan bulundu
[Mut] 0 ilan bulundu
[UYARI] https://www.resmigazete.gov.tr/eskiler/2026/03/20260328.htm çekilemedi: HTTPSConnectionPool(host='www.resmigazete.gov.tr', port=443): Read timed out. (read timeout=60)
[ÇSB Mersin] 1 duyuru bulundu

Toplam 43 ilan bulundu.

============================================================
Sonuç: 0 yeni imar, 0 yeni kamulaştırma gönderildi.
Toplam gönderilmiş: 43 ilan
============================================================


============================================================
Boz Hukuk — Mersin İmar Taraması
Tarih: 29.03.2026 09:00
============================================================

[Büyükşehir] 31 ilan bulundu
[Yenişehir] 2 ilan bulundu
[UYARI] https://mezitli.bel.tr/imar-ve-sehircilik-mudurlugu/ çekilemedi: HTTPSConnectionPool(host='mezitli.bel.tr', port=443): Max retries exceeded with url: /imar-ve-sehircilik-mudurlugu/ (Caused by NameResolutionError("HTTPSConnection(host='mezitli.bel.tr', port=443): Failed to resolve 'mezitli.bel.tr' ([Errno 8] nodename nor servname provided, or not known)"))
[Toroslar] 7 ilan bulundu
[Erdemli] 0 ilan bulundu
[Anamur] 2 ilan bulundu
[Mut] 0 ilan bulundu
[UYARI] https://www.resmigazete.gov.tr/eskiler/2026/03/20260329.htm çekilemedi: HTTPSConnectionPool(host='www.resmigazete.gov.tr', port=443): Read timed out. (read timeout=60)
[ÇSB Mersin] 1 duyuru bulundu

Toplam 43 ilan bulundu.

============================================================
Sonuç: 0 yeni imar, 0 yeni kamulaştırma gönderildi.
Toplam gönderilmiş: 43 ilan
============================================================


============================================================
Boz Hukuk — Mersin İmar Taraması
Tarih: 29.03.2026 18:00
============================================================

[Büyükşehir] 31 ilan bulundu
[Yenişehir] 2 ilan bulundu
[Mezitli] 0 ilan bulundu
[Toroslar] 7 ilan bulundu
[UYARI] https://www.erdemli.bel.tr/duyuru/aski-ilani-imar-ve-sehircilik-mudurlugu.html çekilemedi: ('Connection aborted.', ConnectionResetError(54, 'Connection reset by peer'))
[Erdemli] 0 ilan bulundu
[Anamur] 2 ilan bulundu
[Mut] 0 ilan bulundu
[UYARI] https://www.resmigazete.gov.tr/eskiler/2026/03/20260329.htm çekilemedi: HTTPSConnectionPool(host='www.resmigazete.gov.tr', port=443): Read timed out. (read timeout=60)
[ÇSB Mersin] 1 duyuru bulundu

Toplam 43 ilan bulundu.

============================================================
Sonuç: 0 yeni imar, 0 yeni kamulaştırma gönderildi.
Toplam gönderilmiş: 43 ilan
============================================================


============================================================
Boz Hukuk — Mersin İmar Taraması
Tarih: 30.03.2026 09:00
============================================================

[Büyükşehir] 31 ilan bulundu
[Yenişehir] 2 ilan bulundu
[Mezitli] 0 ilan bulundu
[Toroslar] 7 ilan bulundu
[Erdemli] 0 ilan bulundu
[Anamur] 2 ilan bulundu
[Mut] 0 ilan bulundu
[UYARI] https://www.resmigazete.gov.tr/eskiler/2026/03/20260330.htm çekilemedi: HTTPSConnectionPool(host='www.resmigazete.gov.tr', port=443): Read timed out. (read timeout=60)
[ÇSB Mersin] 1 duyuru bulundu

Toplam 43 ilan bulundu.

============================================================
Sonuç: 0 yeni imar, 0 yeni kamulaştırma gönderildi.
Toplam gönderilmiş: 43 ilan
============================================================


============================================================
Boz Hukuk — Mersin İmar Taraması
Tarih: 30.03.2026 18:00
============================================================

[Büyükşehir] 32 ilan bulundu
[Yenişehir] 2 ilan bulundu
[Mezitli] 0 ilan bulundu
[Toroslar] 7 ilan bulundu
[Erdemli] 0 ilan bulundu
[Anamur] 2 ilan bulundu
[Mut] 0 ilan bulundu
[UYARI] https://www.resmigazete.gov.tr/eskiler/2026/03/20260330.htm çekilemedi: HTTPSConnectionPool(host='www.resmigazete.gov.tr', port=443): Read timed out. (read timeout=60)
[ÇSB Mersin] 1 duyuru bulundu

Toplam 44 ilan bulundu.
[OK] Mesaj gönderildi → yenisehir

============================================================
Sonuç: 1 yeni imar, 0 yeni kamulaştırma gönderildi.
Toplam gönderilmiş: 44 ilan
============================================================


============================================================
Boz Hukuk — Mersin İmar Taraması
Tarih: 31.03.2026 09:00
============================================================

[Büyükşehir] 32 ilan bulundu
[Yenişehir] 2 ilan bulundu
[Mezitli] 0 ilan bulundu
[Toroslar] 7 ilan bulundu
[Erdemli] 0 ilan bulundu
[Anamur] 2 ilan bulundu
[Mut] 0 ilan bulundu
[UYARI] https://www.resmigazete.gov.tr/eskiler/2026/03/20260331.htm çekilemedi: HTTPSConnectionPool(host='www.resmigazete.gov.tr', port=443): Read timed out. (read timeout=60)
[ÇSB Mersin] 1 duyuru bulundu

Toplam 44 ilan bulundu.

============================================================
Sonuç: 0 yeni imar, 0 yeni kamulaştırma gönderildi.
Toplam gönderilmiş: 44 ilan
============================================================


============================================================
Boz Hukuk — Mersin İmar Taraması
Tarih: 31.03.2026 18:00
============================================================

[Büyükşehir] 32 ilan bulundu
[Yenişehir] 2 ilan bulundu
[Mezitli] 0 ilan bulundu
[Toroslar] 7 ilan bulundu
[Erdemli] 0 ilan bulundu
[Anamur] 2 ilan bulundu
[Mut] 0 ilan bulundu
[UYARI] https://www.resmigazete.gov.tr/eskiler/2026/03/20260331.htm çekilemedi: HTTPSConnectionPool(host='www.resmigazete.gov.tr', port=443): Read timed out. (read timeout=60)
[ÇSB Mersin] 1 duyuru bulundu

Toplam 44 ilan bulundu.

============================================================
Sonuç: 0 yeni imar, 0 yeni kamulaştırma gönderildi.
Toplam gönderilmiş: 44 ilan
============================================================


============================================================
Boz Hukuk — Mersin İmar Taraması
Tarih: 01.04.2026 09:00
============================================================

[Büyükşehir] 32 ilan bulundu
[Yenişehir] 2 ilan bulundu
[UYARI] https://mezitli.bel.tr/imar-ve-sehircilik-mudurlugu/ çekilemedi: HTTPSConnectionPool(host='mezitli.bel.tr', port=443): Max retries exceeded with url: /imar-ve-sehircilik-mudurlugu/ (Caused by NameResolutionError("HTTPSConnection(host='mezitli.bel.tr', port=443): Failed to resolve 'mezitli.bel.tr' ([Errno 8] nodename nor servname provided, or not known)"))
[Toroslar] 7 ilan bulundu
[Erdemli] 0 ilan bulundu
[Anamur] 2 ilan bulundu
[Mut] 0 ilan bulundu
[UYARI] https://www.resmigazete.gov.tr/eskiler/2026/04/20260401.htm çekilemedi: HTTPSConnectionPool(host='www.resmigazete.gov.tr', port=443): Read timed out. (read timeout=60)
[ÇSB Mersin] 1 duyuru bulundu

Toplam 44 ilan bulundu.

============================================================
Sonuç: 0 yeni imar, 0 yeni kamulaştırma gönderildi.
Toplam gönderilmiş: 44 ilan
============================================================


============================================================
Boz Hukuk — Mersin İmar Taraması
Tarih: 01.04.2026 18:00
============================================================

[Büyükşehir] 32 ilan bulundu
[Yenişehir] 2 ilan bulundu
[UYARI] https://mezitli.bel.tr/imar-ve-sehircilik-mudurlugu/ çekilemedi: HTTPSConnectionPool(host='mezitli.bel.tr', port=443): Max retries exceeded with url: /imar-ve-sehircilik-mudurlugu/ (Caused by NameResolutionError("HTTPSConnection(host='mezitli.bel.tr', port=443): Failed to resolve 'mezitli.bel.tr' ([Errno 8] nodename nor servname provided, or not known)"))
[Toroslar] 7 ilan bulundu
[Erdemli] 0 ilan bulundu
[Anamur] 2 ilan bulundu
[Mut] 0 ilan bulundu
[UYARI] https://www.resmigazete.gov.tr/eskiler/2026/04/20260401.htm çekilemedi: HTTPSConnectionPool(host='www.resmigazete.gov.tr', port=443): Read timed out. (read timeout=60)
[ÇSB Mersin] 1 duyuru bulundu

Toplam 44 ilan bulundu.

============================================================
Sonuç: 0 yeni imar, 0 yeni kamulaştırma gönderildi.
Toplam gönderilmiş: 44 ilan
============================================================


============================================================
Boz Hukuk — Mersin İmar Taraması
Tarih: 02.04.2026 09:00
============================================================

[Büyükşehir] 32 ilan bulundu
[Yenişehir] 2 ilan bulundu
[Mezitli] 0 ilan bulundu
[Toroslar] 7 ilan bulundu
[Erdemli] 0 ilan bulundu
[Anamur] 2 ilan bulundu
[Mut] 0 ilan bulundu
[Resmi Gazete] 0 Mersin kararı bulundu
[ÇSB Mersin] 1 duyuru bulundu

Toplam 44 ilan bulundu.

============================================================
Sonuç: 0 yeni imar, 0 yeni kamulaştırma gönderildi.
Toplam gönderilmiş: 44 ilan
============================================================


============================================================
Boz Hukuk — Mersin İmar Taraması
Tarih: 02.04.2026 18:00
============================================================

[Büyükşehir] 32 ilan bulundu
[Yenişehir] 2 ilan bulundu
[Mezitli] 0 ilan bulundu
[Toroslar] 7 ilan bulundu
[Erdemli] 0 ilan bulundu
[Anamur] 2 ilan bulundu
[Mut] 0 ilan bulundu
[UYARI] https://www.resmigazete.gov.tr/eskiler/2026/04/20260402.htm çekilemedi: HTTPSConnectionPool(host='www.resmigazete.gov.tr', port=443): Read timed out. (read timeout=60)
[ÇSB Mersin] 1 duyuru bulundu

Toplam 44 ilan bulundu.

============================================================
Sonuç: 0 yeni imar, 0 yeni kamulaştırma gönderildi.
Toplam gönderilmiş: 44 ilan
============================================================


============================================================
Boz Hukuk — Mersin İmar Taraması
Tarih: 03.04.2026 09:00
============================================================

[Büyükşehir] 32 ilan bulundu
[Yenişehir] 2 ilan bulundu
[Mezitli] 0 ilan bulundu
[Toroslar] 7 ilan bulundu
[Erdemli] 0 ilan bulundu
[Anamur] 2 ilan bulundu
[Mut] 0 ilan bulundu
[Resmi Gazete] 0 Mersin kararı bulundu
[ÇSB Mersin] 1 duyuru bulundu

Toplam 44 ilan bulundu.

============================================================
Sonuç: 0 yeni imar, 0 yeni kamulaştırma gönderildi.
Toplam gönderilmiş: 44 ilan
============================================================


============================================================
Boz Hukuk — Mersin İmar Taraması
Tarih: 03.04.2026 18:00
============================================================

[Büyükşehir] 32 ilan bulundu
[Yenişehir] 2 ilan bulundu
[Mezitli] 0 ilan bulundu
[Toroslar] 7 ilan bulundu
[Erdemli] 0 ilan bulundu
[Anamur] 2 ilan bulundu
[Mut] 0 ilan bulundu
[UYARI] https://www.resmigazete.gov.tr/eskiler/2026/04/20260403.htm çekilemedi: HTTPSConnectionPool(host='www.resmigazete.gov.tr', port=443): Read timed out. (read timeout=60)
[ÇSB Mersin] 1 duyuru bulundu

Toplam 44 ilan bulundu.

============================================================
Sonuç: 0 yeni imar, 0 yeni kamulaştırma gönderildi.
Toplam gönderilmiş: 44 ilan
============================================================


============================================================
Boz Hukuk — Mersin İmar Taraması
Tarih: 04.04.2026 09:00
============================================================

[Büyükşehir] 32 ilan bulundu
[Yenişehir] 2 ilan bulundu
[Mezitli] 0 ilan bulundu
[Toroslar] 7 ilan bulundu
[Erdemli] 0 ilan bulundu
[Anamur] 2 ilan bulundu
[Mut] 0 ilan bulundu
[UYARI] https://www.resmigazete.gov.tr/eskiler/2026/04/20260404.htm çekilemedi: HTTPSConnectionPool(host='www.resmigazete.gov.tr', port=443): Read timed out. (read timeout=60)
[ÇSB Mersin] 1 duyuru bulundu

Toplam 44 ilan bulundu.

============================================================
Sonuç: 0 yeni imar, 0 yeni kamulaştırma gönderildi.
Toplam gönderilmiş: 44 ilan
============================================================


============================================================
Boz Hukuk — Mersin İmar Taraması
Tarih: 04.04.2026 18:00
============================================================

[Büyükşehir] 32 ilan bulundu
[Yenişehir] 2 ilan bulundu
[Mezitli] 0 ilan bulundu
[Toroslar] 7 ilan bulundu
[Erdemli] 0 ilan bulundu
[Anamur] 2 ilan bulundu
[Mut] 0 ilan bulundu
[UYARI] https://www.resmigazete.gov.tr/eskiler/2026/04/20260404.htm çekilemedi: HTTPSConnectionPool(host='www.resmigazete.gov.tr', port=443): Read timed out. (read timeout=60)
[ÇSB Mersin] 1 duyuru bulundu

Toplam 44 ilan bulundu.

============================================================
Sonuç: 0 yeni imar, 0 yeni kamulaştırma gönderildi.
Toplam gönderilmiş: 44 ilan
============================================================


============================================================
Boz Hukuk — Mersin İmar Taraması
Tarih: 05.04.2026 09:00
============================================================

[Büyükşehir] 32 ilan bulundu
[Yenişehir] 2 ilan bulundu
[Mezitli] 0 ilan bulundu
[Toroslar] 7 ilan bulundu
[Erdemli] 0 ilan bulundu
[Anamur] 2 ilan bulundu
[Mut] 0 ilan bulundu
[UYARI] https://www.resmigazete.gov.tr/eskiler/2026/04/20260405.htm çekilemedi: HTTPSConnectionPool(host='www.resmigazete.gov.tr', port=443): Read timed out. (read timeout=60)
[ÇSB Mersin] 1 duyuru bulundu

Toplam 44 ilan bulundu.

============================================================
Sonuç: 0 yeni imar, 0 yeni kamulaştırma gönderildi.
Toplam gönderilmiş: 44 ilan
============================================================


============================================================
Boz Hukuk — Mersin İmar Taraması
Tarih: 05.04.2026 18:00
============================================================

[Büyükşehir] 32 ilan bulundu
[Yenişehir] 2 ilan bulundu
[Mezitli] 0 ilan bulundu
[Toroslar] 7 ilan bulundu
[Erdemli] 0 ilan bulundu
[Anamur] 2 ilan bulundu
[Mut] 0 ilan bulundu
[UYARI] https://www.resmigazete.gov.tr/eskiler/2026/04/20260405.htm çekilemedi: HTTPSConnectionPool(host='www.resmigazete.gov.tr', port=443): Read timed out. (read timeout=60)
[ÇSB Mersin] 1 duyuru bulundu

Toplam 44 ilan bulundu.

============================================================
Sonuç: 0 yeni imar, 0 yeni kamulaştırma gönderildi.
Toplam gönderilmiş: 44 ilan
============================================================


============================================================
Boz Hukuk — Mersin İmar Taraması
Tarih: 06.04.2026 09:00
============================================================

[Büyükşehir] 32 ilan bulundu
[Yenişehir] 2 ilan bulundu
[Mezitli] 0 ilan bulundu
[Toroslar] 7 ilan bulundu
[Erdemli] 0 ilan bulundu
[Anamur] 2 ilan bulundu
[Mut] 0 ilan bulundu
[UYARI] https://www.resmigazete.gov.tr/eskiler/2026/04/20260406.htm çekilemedi: HTTPSConnectionPool(host='www.resmigazete.gov.tr', port=443): Read timed out. (read timeout=60)
[ÇSB Mersin] 1 duyuru bulundu

Toplam 44 ilan bulundu.

============================================================
Sonuç: 0 yeni imar, 0 yeni kamulaştırma gönderildi.
Toplam gönderilmiş: 44 ilan
============================================================


============================================================
Boz Hukuk — Mersin İmar Taraması
Tarih: 06.04.2026 18:00
============================================================

[Büyükşehir] 32 ilan bulundu
[Yenişehir] 2 ilan bulundu
[Mezitli] 0 ilan bulundu
[Toroslar] 7 ilan bulundu
[Erdemli] 0 ilan bulundu
[Anamur] 2 ilan bulundu
[Mut] 0 ilan bulundu
[UYARI] https://www.resmigazete.gov.tr/eskiler/2026/04/20260406.htm çekilemedi: HTTPSConnectionPool(host='www.resmigazete.gov.tr', port=443): Read timed out. (read timeout=60)
[ÇSB Mersin] 1 duyuru bulundu

Toplam 44 ilan bulundu.

============================================================
Sonuç: 0 yeni imar, 0 yeni kamulaştırma gönderildi.
Toplam gönderilmiş: 44 ilan
============================================================


============================================================
Boz Hukuk — Mersin İmar Taraması
Tarih: 07.04.2026 09:00
============================================================

[Büyükşehir] 32 ilan bulundu
[Yenişehir] 2 ilan bulundu
[UYARI] https://mezitli.bel.tr/imar-ve-sehircilik-mudurlugu/ çekilemedi: HTTPSConnectionPool(host='mezitli.bel.tr', port=443): Max retries exceeded with url: /imar-ve-sehircilik-mudurlugu/ (Caused by NameResolutionError("HTTPSConnection(host='mezitli.bel.tr', port=443): Failed to resolve 'mezitli.bel.tr' ([Errno 8] nodename nor servname provided, or not known)"))
[Toroslar] 7 ilan bulundu
[Erdemli] 0 ilan bulundu
[Anamur] 2 ilan bulundu
[Mut] 0 ilan bulundu
[UYARI] https://www.resmigazete.gov.tr/eskiler/2026/04/20260407.htm çekilemedi: HTTPSConnectionPool(host='www.resmigazete.gov.tr', port=443): Read timed out. (read timeout=60)
[ÇSB Mersin] 0 duyuru bulundu

Toplam 43 ilan bulundu.

============================================================
Sonuç: 0 yeni imar, 0 yeni kamulaştırma gönderildi.
Toplam gönderilmiş: 44 ilan
============================================================

